******************************************************************************
                  TI ARM Linker PC v18.1.2                     
******************************************************************************
>> Linked Thu Oct 25 10:54:19 2018

OUTPUT FILE NAME:   <lab_0.8.out>
ENTRY POINT SYMBOL: "_c_int00_noargs"  address: 00000f9d


MEMORY CONFIGURATION

         name            origin    length      used     unused   attr    fill
----------------------  --------  ---------  --------  --------  ----  --------
  MAIN                  00000000   00040000  000010be  0003ef42  R  X
  INFO                  00200000   00004000  00000000  00004000  R  X
  SRAM_CODE             01000000   00010000  0000067c  0000f984  RW X
  SRAM_DATA             20000000   00010000  0000067c  0000f984  RW  


SEGMENT ALLOCATION MAP

run origin  load origin   length   init length attrs members
----------  ----------- ---------- ----------- ----- -------
00000000    00000000    000010c0   000010c0    r-x
  00000000    00000000    000000e4   000000e4    r-- .intvecs
  000000e4    000000e4    00000f6a   00000f6a    r-x .text
  00001050    00001050    00000070   00000070    r-- .cinit
20000000    20000000    0000047c   00000000    rw-
  20000000    20000000    00000400   00000000    rw- .sysmem
  20000400    20000400    00000074   00000000    rw- .data
  20000474    20000474    00000008   00000000    rw- .bss
2000fe00    2000fe00    00000200   00000000    rw-
  2000fe00    2000fe00    00000200   00000000    rw- .stack


SECTION ALLOCATION MAP

 output                                  attributes/
section   page    origin      length       input sections
--------  ----  ----------  ----------   ----------------
.intvecs   0    00000000    000000e4     
                  00000000    000000e4     startup_msp432p401r_ccs.obj (.intvecs:retain)

.text      0    000000e4    00000f6a     
                  000000e4    000003ec     Complete_Course.obj (.text)
                  000004d0    00000354     motor_control.obj (.text)
                  00000824    00000334     system_msp432p401r.obj (.text)
                  00000b58    000001b6     rtsv7M4_T_le_v4SPD16_eabi.lib : fd_add_t2.asm.obj (.text)
                  00000d0e    000000fc                                   : fd_mul_t2.asm.obj (.text)
                  00000e0a    0000009c                                   : memcpy_t2.asm.obj (.text)
                  00000ea6    00000068                                   : copy_decompress_lzss.c.obj (.text:decompress:lzss:__TI_decompress_lzss)
                  00000f0e    00000048                                   : fd_toi_t2.asm.obj (.text)
                  00000f56    00000002     --HOLE-- [fill = 0]
                  00000f58    00000044                                   : autoinit.c.obj (.text:__TI_auto_init_nobinit_nopinit:__TI_auto_init_nobinit_nopinit)
                  00000f9c    00000038                                   : boot_cortex_m.c.obj (.text:_c_int00_noargs:_c_int00_noargs)
                  00000fd4    0000002e                                   : i_tofd_t2.asm.obj (.text)
                  00001002    00000002     --HOLE-- [fill = 0]
                  00001004    00000014     lab_0.8_main.obj (.text)
                  00001018    00000012     rtsv7M4_T_le_v4SPD16_eabi.lib : copy_zero_init.c.obj (.text:decompress:ZI:__TI_zero_init_nomemset:__TI_zero_init_nomemset)
                  0000102a    0000000e                                   : copy_decompress_none.c.obj (.text:decompress:none:__TI_decompress_none)
                  00001038    0000000e     startup_msp432p401r_ccs.obj (.text)
                  00001046    00000004     rtsv7M4_T_le_v4SPD16_eabi.lib : pre_init.c.obj (.text:_system_pre_init)
                  0000104a    00000004                                   : exit.c.obj (.text:abort:abort)

.cinit     0    00001050    00000070     
                  00001050    0000004b     (.cinit..data.load) [load image, compression = lzss]
                  0000109b    00000001     --HOLE-- [fill = 0]
                  0000109c    0000000c     (__TI_handler_table)
                  000010a8    00000008     (.cinit..bss.load) [load image, compression = zero_init]
                  000010b0    00000010     (__TI_cinit_table)

.init_array 
*          0    00000000    00000000     UNINITIALIZED

.binit     0    00000000    00000000     

.sysmem    0    20000000    00000400     UNINITIALIZED
                  20000000    00000008     rtsv7M4_T_le_v4SPD16_eabi.lib : memory.c.obj (.sysmem)
                  20000008    000003f8     --HOLE--

.data      0    20000400    00000074     UNINITIALIZED
                  20000400    0000005c     Complete_Course.obj (.data)
                  2000045c    00000014     motor_control.obj (.data)
                  20000470    00000004     system_msp432p401r.obj (.data)

.bss       0    20000474    00000008     UNINITIALIZED
                  20000474    00000004     (.common:start)
                  20000478    00000004     (.common:store)

.stack     0    2000fe00    00000200     UNINITIALIZED
                  2000fe00    00000004     rtsv7M4_T_le_v4SPD16_eabi.lib : boot_cortex_m.c.obj (.stack)
                  2000fe04    000001fc     --HOLE--

MODULE SUMMARY

       Module                        code   ro data   rw data
       ------                        ----   -------   -------
    .\
       system_msp432p401r.obj        820    0         8      
       startup_msp432p401r_ccs.obj   14     228       0      
    +--+-----------------------------+------+---------+---------+
       Total:                        834    228       8      
                                                             
    .\lib\
       motor_control.obj             852    0         40     
    +--+-----------------------------+------+---------+---------+
       Total:                        852    0         40     
                                                             
    .\src\
       Complete_Course.obj           1004   0         200    
       lab_0.8_main.obj              20     0         0      
    +--+-----------------------------+------+---------+---------+
       Total:                        1024   0         200    
                                                             
    C:\ti\ccsv8\tools\compiler\ti-cgt-arm_18.1.2.LTS\lib\rtsv7M4_T_le_v4SPD16_eabi.lib
       fd_add_t2.asm.obj             438    0         0      
       fd_mul_t2.asm.obj             252    0         0      
       memcpy_t2.asm.obj             156    0         0      
       copy_decompress_lzss.c.obj    104    0         0      
       fd_toi_t2.asm.obj             72     0         0      
       autoinit.c.obj                68     0         0      
       boot_cortex_m.c.obj           56     0         0      
       i_tofd_t2.asm.obj             46     0         0      
       copy_zero_init.c.obj          18     0         0      
       copy_decompress_none.c.obj    14     0         0      
       exit.c.obj                    4      0         0      
       pre_init.c.obj                4      0         0      
    +--+-----------------------------+------+---------+---------+
       Total:                        1232   0         0      
                                                             
       Heap:                         0      0         2048   
       Stack:                        0      0         1024   
       Linker Generated:             0      111       0      
    +--+-----------------------------+------+---------+---------+
       Grand Total:                  3942   339       3320   


LINKER GENERATED COPY TABLES

__TI_cinit_table @ 000010b0 records: 2, size/record: 8, table size: 16
	.data: load addr=00001050, load size=0000004b bytes, run addr=20000400, run size=00000074 bytes, compression=lzss
	.bss: load addr=000010a8, load size=00000008 bytes, run addr=20000474, run size=00000008 bytes, compression=zero_init


LINKER GENERATED HANDLER TABLE

__TI_handler_table @ 0000109c records: 3, size/record: 4, table size: 12
	index: 0, handler: __TI_decompress_lzss
	index: 1, handler: __TI_decompress_none
	index: 2, handler: __TI_zero_init


GLOBAL SYMBOLS: SORTED ALPHABETICALLY BY Name 

address   name                          
-------   ----                          
00001045  ADC14_IRQHandler              
00001045  AES256_IRQHandler             
00001045  BusFault_Handler              
0000104b  C$$EXIT                       
00001045  COMP_E0_IRQHandler            
00001045  COMP_E1_IRQHandler            
00001045  CS_IRQHandler                 
00001045  DMA_ERR_IRQHandler            
00001045  DMA_INT0_IRQHandler           
00001045  DMA_INT1_IRQHandler           
00001045  DMA_INT2_IRQHandler           
00001045  DMA_INT3_IRQHandler           
00001045  DebugMon_Handler              
00001045  Default_Handler               
00001045  EUSCIA0_IRQHandler            
00001045  EUSCIA1_IRQHandler            
00001045  EUSCIA2_IRQHandler            
00001045  EUSCIA3_IRQHandler            
00001045  EUSCIB0_IRQHandler            
00001045  EUSCIB1_IRQHandler            
00001045  EUSCIB2_IRQHandler            
00001045  EUSCIB3_IRQHandler            
00001045  FLCTL_IRQHandler              
00001045  FPU_IRQHandler                
00001045  HardFault_Handler             
00001045  MemManage_Handler             
00001045  NMI_Handler                   
00001045  PCM_IRQHandler                
00001045  PORT1_IRQHandler              
00001045  PORT2_IRQHandler              
00001045  PORT3_IRQHandler              
0000028f  PORT4_IRQHandler              
0000028f  PORT4_IRQHandler              
00001045  PORT5_IRQHandler              
00001045  PORT6_IRQHandler              
00001045  PSS_IRQHandler                
00001045  PendSV_Handler                
00001045  RTC_C_IRQHandler              
00001039  Reset_Handler                 
00001045  SVC_Handler                   
00001045  SysTick_Handler               
20000470  SystemCoreClock               
00000825  SystemCoreClockUpdate         
00000a9d  SystemInit                    
00001045  T32_INT1_IRQHandler           
00001045  T32_INT2_IRQHandler           
00001045  T32_INTC_IRQHandler           
00001045  TA0_0_IRQHandler              
00001045  TA0_N_IRQHandler              
00000591  TA1_0_IRQHandler              
00000591  TA1_0_IRQHandler              
00001045  TA1_N_IRQHandler              
00001045  TA2_0_IRQHandler              
00001045  TA2_N_IRQHandler              
00001045  TA3_0_IRQHandler              
00001045  TA3_N_IRQHandler              
00001045  UsageFault_Handler            
4000480c  WDTCTL_SYM                    
00001045  WDT_A_IRQHandler              
20010000  __STACK_END                   
00000200  __STACK_SIZE                  
00000400  __SYSMEM_SIZE                 
000010b0  __TI_CINIT_Base               
000010c0  __TI_CINIT_Limit              
0000109c  __TI_Handler_Table_Base       
000010a8  __TI_Handler_Table_Limit      
00000f59  __TI_auto_init_nobinit_nopinit
00000ea7  __TI_decompress_lzss          
0000102b  __TI_decompress_none          
ffffffff  __TI_pprof_out_hndl           
ffffffff  __TI_prof_data_size           
ffffffff  __TI_prof_data_start          
00000000  __TI_static_base__            
00001019  __TI_zero_init_nomemset       
00000f0f  __aeabi_d2iz                  
00000b63  __aeabi_dadd                  
00000d0f  __aeabi_dmul                  
00000b59  __aeabi_dsub                  
00000fd5  __aeabi_i2d                   
00000e0b  __aeabi_memcpy                
00000e0b  __aeabi_memcpy4               
00000e0b  __aeabi_memcpy8               
ffffffff  __binit__                     
ffffffff  __c_args__                    
UNDEFED   __mpu_init                    
2000fe00  __stack                       
00000f9d  _c_int00_noargs               
20000000  _sys_memory                   
UNDEFED   _system_post_cinit            
00001047  _system_pre_init              
0000104b  abort                         
000001b3  avoid                         
ffffffff  binit                         
20000408  cavg_2                        
20000410  cavg_5                        
000005a5  clockSetUp                    
2000046c  clock_sec                     
20000424  count0                        
20000428  count2                        
20000420  count3                        
2000042c  count5                        
20000430  count6                        
20000434  count7                        
20000414  cruiseSp                      
2000041c  d                             
2000045c  d_L                           
20000460  d_R                           
000006ef  forward                       
00000637  getState                      
00000643  getd_L                        
0000063d  getd_R                        
20000440  hit                           
00000000  interruptVectors              
00001005  main                          
00000e0b  memcpy                        
20000468  period                        
00000559  pinSetUp                      
00000111  port4SetUp                    
000004fd  pwmSetUp                      
0000070d  reverse                       
00000329  runCourse                     
000002db  runTest_avoid                 
20000448  sample_time                   
20000400  sensor_2_count                
20000404  sensor_5_count                
00000627  setState                      
0000017d  setup                         
20000474  start                         
20000464  state                         
00000649  stop                          
20000478  store                         
20000458  systick_calibration_reg       
2000044c  systick_control_reg           
20000454  systick_current_value_reg     
20000450  systick_reload_value_reg      
2000043c  thresh1                       
20000438  thresh2                       
20000444  ticks_per_ms                  
00000787  turn                          
00000775  turn180Deg                    
0000072d  turn90Deg                     
20000418  turnSp                        
000005eb  update                        
000005d1  wait                          


GLOBAL SYMBOLS: SORTED BY Symbol Address 

address   name                          
-------   ----                          
00000000  __TI_static_base__            
00000000  interruptVectors              
00000111  port4SetUp                    
0000017d  setup                         
000001b3  avoid                         
00000200  __STACK_SIZE                  
0000028f  PORT4_IRQHandler              
0000028f  PORT4_IRQHandler              
000002db  runTest_avoid                 
00000329  runCourse                     
00000400  __SYSMEM_SIZE                 
000004fd  pwmSetUp                      
00000559  pinSetUp                      
00000591  TA1_0_IRQHandler              
00000591  TA1_0_IRQHandler              
000005a5  clockSetUp                    
000005d1  wait                          
000005eb  update                        
00000627  setState                      
00000637  getState                      
0000063d  getd_R                        
00000643  getd_L                        
00000649  stop                          
000006ef  forward                       
0000070d  reverse                       
0000072d  turn90Deg                     
00000775  turn180Deg                    
00000787  turn                          
00000825  SystemCoreClockUpdate         
00000a9d  SystemInit                    
00000b59  __aeabi_dsub                  
00000b63  __aeabi_dadd                  
00000d0f  __aeabi_dmul                  
00000e0b  __aeabi_memcpy                
00000e0b  __aeabi_memcpy4               
00000e0b  __aeabi_memcpy8               
00000e0b  memcpy                        
00000ea7  __TI_decompress_lzss          
00000f0f  __aeabi_d2iz                  
00000f59  __TI_auto_init_nobinit_nopinit
00000f9d  _c_int00_noargs               
00000fd5  __aeabi_i2d                   
00001005  main                          
00001019  __TI_zero_init_nomemset       
0000102b  __TI_decompress_none          
00001039  Reset_Handler                 
00001045  ADC14_IRQHandler              
00001045  AES256_IRQHandler             
00001045  BusFault_Handler              
00001045  COMP_E0_IRQHandler            
00001045  COMP_E1_IRQHandler            
00001045  CS_IRQHandler                 
00001045  DMA_ERR_IRQHandler            
00001045  DMA_INT0_IRQHandler           
00001045  DMA_INT1_IRQHandler           
00001045  DMA_INT2_IRQHandler           
00001045  DMA_INT3_IRQHandler           
00001045  DebugMon_Handler              
00001045  Default_Handler               
00001045  EUSCIA0_IRQHandler            
00001045  EUSCIA1_IRQHandler            
00001045  EUSCIA2_IRQHandler            
00001045  EUSCIA3_IRQHandler            
00001045  EUSCIB0_IRQHandler            
00001045  EUSCIB1_IRQHandler            
00001045  EUSCIB2_IRQHandler            
00001045  EUSCIB3_IRQHandler            
00001045  FLCTL_IRQHandler              
00001045  FPU_IRQHandler                
00001045  HardFault_Handler             
00001045  MemManage_Handler             
00001045  NMI_Handler                   
00001045  PCM_IRQHandler                
00001045  PORT1_IRQHandler              
00001045  PORT2_IRQHandler              
00001045  PORT3_IRQHandler              
00001045  PORT5_IRQHandler              
00001045  PORT6_IRQHandler              
00001045  PSS_IRQHandler                
00001045  PendSV_Handler                
00001045  RTC_C_IRQHandler              
00001045  SVC_Handler                   
00001045  SysTick_Handler               
00001045  T32_INT1_IRQHandler           
00001045  T32_INT2_IRQHandler           
00001045  T32_INTC_IRQHandler           
00001045  TA0_0_IRQHandler              
00001045  TA0_N_IRQHandler              
00001045  TA1_N_IRQHandler              
00001045  TA2_0_IRQHandler              
00001045  TA2_N_IRQHandler              
00001045  TA3_0_IRQHandler              
00001045  TA3_N_IRQHandler              
00001045  UsageFault_Handler            
00001045  WDT_A_IRQHandler              
00001047  _system_pre_init              
0000104b  C$$EXIT                       
0000104b  abort                         
0000109c  __TI_Handler_Table_Base       
000010a8  __TI_Handler_Table_Limit      
000010b0  __TI_CINIT_Base               
000010c0  __TI_CINIT_Limit              
20000000  _sys_memory                   
20000400  sensor_2_count                
20000404  sensor_5_count                
20000408  cavg_2                        
20000410  cavg_5                        
20000414  cruiseSp                      
20000418  turnSp                        
2000041c  d                             
20000420  count3                        
20000424  count0                        
20000428  count2                        
2000042c  count5                        
20000430  count6                        
20000434  count7                        
20000438  thresh2                       
2000043c  thresh1                       
20000440  hit                           
20000444  ticks_per_ms                  
20000448  sample_time                   
2000044c  systick_control_reg           
20000450  systick_reload_value_reg      
20000454  systick_current_value_reg     
20000458  systick_calibration_reg       
2000045c  d_L                           
20000460  d_R                           
20000464  state                         
20000468  period                        
2000046c  clock_sec                     
20000470  SystemCoreClock               
20000474  start                         
20000478  store                         
2000fe00  __stack                       
20010000  __STACK_END                   
4000480c  WDTCTL_SYM                    
ffffffff  __TI_pprof_out_hndl           
ffffffff  __TI_prof_data_size           
ffffffff  __TI_prof_data_start          
ffffffff  __binit__                     
ffffffff  __c_args__                    
ffffffff  binit                         
UNDEFED   __mpu_init                    
UNDEFED   _system_post_cinit            

[144 symbols]
